ASM990 2.4.6                                Sun Aug 17 01:41:28 2025 Page 0001


              1  * Breadboard ROM boot menu
              2  * Based on Code by Stuart Conner
              3  *
              4  * D. Werner 8/16/2025
              5  *
              6  *
              7  
1500          8          AORG >1500
              9  
1500         10  BMENU
1500 2FA0    11          XOP @LOGON,14                             ; print boot 
1502 1528 
             12  
1504         13  TAG1B
1504 2F41    14          XOP R1,13                                 ; read charac
1506 0281    15          CI R1,'1'*256                             ; EVMBUG opti
1508 3100 
150A 1604    16          JNE TAG2F                                 ; no, test BA
150C 2FA0    17          XOP @>00ad,14                             ; yes, print 
150E 00AD 
1510 0460    18          B @>0142                                  ; branch to e
1512 0142 
             19  
1514         20  TAG2F
1514 0281    21          CI R1,'2'*256                             ; MDEX option
1516 3200 
1518 1602    22          JNE TAG4F                                 ; no, loop ro
151A 0460    23          B @>7800                                  ; branch to M
151C 7800 
             24  
151E         25  TAG4F
151E 0281    26          CI R1,'3'*256                             ; UNIX option
1520 3300 
1522 16F0    27          JNE TAG1B                                 ; no, loop ro
1524 0460    28          B @>7b00                                  ; branch to U
1526 7B00 
             29  
             30  * logon message
1528         31  LOGON
1528 0D0A    32          DATA >0D0A
152A 0D0A    33          DATA >0D0A
152C 20      34          TEXT '  ___         _           ___  ___'
152D 20   
152E 5F   
152F 5F   
1530 5F   
1531 20   
1532 20   
1533 20   
1534 20   
1535 20   
1536 20   
1537 20   
1538 20   
1539 20   
153A 5F   
153B 20   
153C 20   
153D 20   
153E 20   
ASM990 2.4.6                                Sun Aug 17 01:41:28 2025 Page 0002


153F 20   
1540 20   
1541 20   
1542 20   
1543 20   
1544 20   
1545 20   
1546 5F   
1547 5F   
1548 5F   
1549 20   
154A 20   
154B 5F   
154C 5F   
154D 5F   
154E 0D0A    35          DATA >0D0A
1550 20      36          TEXT ' / __|___ _ _| |_ _____ _| _ \/ __| '
1551 2F   
1552 20   
1553 5F   
1554 5F   
1555 7C   
1556 5F   
1557 5F   
1558 5F   
1559 20   
155A 5F   
155B 20   
155C 5F   
155D 7C   
155E 20   
155F 7C   
1560 5F   
1561 20   
1562 5F   
1563 5F   
1564 5F   
1565 5F   
1566 5F   
1567 20   
1568 5F   
1569 7C   
156A 20   
156B 5F   
156C 20   
156D 5C   
156E 2F   
156F 20   
1570 5F   
1571 5F   
1572 7C   
1573 20   
1574 0D0A    37          DATA >0D0A
1576 7C      38          TEXT '| (__/ _ \ '
1577 20   
1578 28   
1579 5F   
157A 5F   
157B 2F   
157C 20   
ASM990 2.4.6                                Sun Aug 17 01:41:28 2025 Page 0003


157D 5F   
157E 20   
157F 5C   
1580 20   
1581 27      39          BYTE >27
1582 5F      40          TEXT '_|  _/ -_) \ /  _/ (__'
1583 7C   
1584 20   
1585 20   
1586 5F   
1587 2F   
1588 20   
1589 2D   
158A 5F   
158B 29   
158C 20   
158D 5C   
158E 20   
158F 2F   
1590 20   
1591 20   
1592 5F   
1593 2F   
1594 20   
1595 28   
1596 5F   
1597 5F   
1598 0D0A    41          DATA >0D0A
159A 20      42          TEXT ' \___\___/_|  \__\___/_\_\_|  \___| '
159B 5C   
159C 5F   
159D 5F   
159E 5F   
159F 5C   
15A0 5F   
15A1 5F   
15A2 5F   
15A3 2F   
15A4 5F   
15A5 7C   
15A6 20   
15A7 20   
15A8 5C   
15A9 5F   
15AA 5F   
15AB 5C   
15AC 5F   
15AD 5F   
15AE 5F   
15AF 2F   
15B0 5F   
15B1 5C   
15B2 5F   
15B3 5C   
15B4 5F   
15B5 7C   
15B6 20   
15B7 20   
15B8 5C   
15B9 5F   
ASM990 2.4.6                                Sun Aug 17 01:41:28 2025 Page 0004


15BA 5F   
15BB 5F   
15BC 7C   
15BD 20   
15BE 0D0A    43          DATA >0D0A
15C0 0D0A    44          DATA >0D0A
15C2 54      45          TEXT 'TMS9995 COMPUTER SYSTEM '
15C3 4D   
15C4 53   
15C5 39   
15C6 39   
15C7 39   
15C8 35   
15C9 20   
15CA 43   
15CB 4F   
15CC 4D   
15CD 50   
15CE 55   
15CF 54   
15D0 45   
15D1 52   
15D2 20   
15D3 53   
15D4 59   
15D5 53   
15D6 54   
15D7 45   
15D8 4D   
15D9 20   
15DA 0D0A    46          DATA >0D0A
15DC 42      47          TEXT 'BIOS V1.0 '
15DD 49   
15DE 4F   
15DF 53   
15E0 20   
15E1 56   
15E2 31   
15E3 2E   
15E4 30   
15E5 20   
15E6 0D0A    48          DATA >0D0A
15E8 0D0A    49          DATA >0D0A
15EA 50      50          TEXT 'PRESS 1 FOR EVMBUG MONITOR'
15EB 52   
15EC 45   
15ED 53   
15EE 53   
15EF 20   
15F0 31   
15F1 20   
15F2 46   
15F3 4F   
15F4 52   
15F5 20   
15F6 45   
15F7 56   
15F8 4D   
15F9 42   
15FA 55   
ASM990 2.4.6                                Sun Aug 17 01:41:28 2025 Page 0005


15FB 47   
15FC 20   
15FD 4D   
15FE 4F   
15FF 4E   
1600 49   
1601 54   
1602 4F   
1603 52   
1604 0D0A    51          DATA >0D0A
1606 50      52          TEXT 'PRESS 2 FOR MDEX'
1607 52   
1608 45   
1609 53   
160A 53   
160B 20   
160C 32   
160D 20   
160E 46   
160F 4F   
1610 52   
1611 20   
1612 4D   
1613 44   
1614 45   
1615 58   
1616 0D0A    53          DATA >0D0A
1618 50      54          TEXT 'PRESS 3 FOR UNIX'
1619 52   
161A 45   
161B 53   
161C 53   
161D 20   
161E 33   
161F 20   
1620 46   
1621 4F   
1622 52   
1623 20   
1624 55   
1625 4E   
1626 49   
1627 58   
1628 0D0A    55          DATA >0D0A,00
162A 0000 
             56  
             57          END
ASM990 2.4.6                                Sun Aug 17 01:41:28 2025 Page 0006


BMENU    1500   LOGON    1528   R0       0000   R1       0001   R10      000A   
R11      000B   R12      000C   R13      000D   R14      000E   R15      000F   
R2       0002   R3       0003   R4       0004   R5       0005   R6       0006   
R7       0007   R8       0008   R9       0009   TAG1B    1504   TAG2F    1514   
TAG4F    151E   

0 Errors in assembly
