ASM990 2.4.6     GETLINE                    Sun Jul 20 19:28:51 2025 Page 0001
GETLINE ROUTINE - CORTEX BASIC REV. 1.1

              2         IDT  'GETLINE'
              3  *
              4  * 
              5  *
              6         DEF  GTLN,EDER,C2000,B20,B08
              7  *
              8         REF  AINC,EDTMP,CVDIZ
              9         REF  DCNT,JMPR0
             10         REF  LNUM,LSTL,NIC,SFSN
             11         REF  TYP0$,TYP11$,TYPB$,TYPC$,TYPE$
             12         REF  GETCR$,IOB
             13         REF  CRLF,NOERR,MODE
             14         REF  ERRLS2,BLSTOR
     2F80    15  ERROR  EQU  >2F80
             16         DXOP OUTINT,13
ASM990 2.4.6     GETLINE                    Sun Jul 20 19:28:51 2025 Page 0002
GETLINE ROUTINE - CORTEX BASIC REV. 1.1

             18  *
             19  *^E   *** EDIT LINE ***
             20  *
0000 C3A0    21  GTCE   MOV  @MODE,R14         ;IDLE ?
0002 0000 
0004 162B    22         JNE  GTLLP             ;N, IGNORE CHARACTER
0006 C1E0    23         MOV  @IOB,R7           ;GET BUFFER ADR
0008 0000 
000A 0420    24         BLWP @CVDIZ            ;CONVERT #
000C 0000 
000E 1000    25         NOP
0010 2F8D    26         DATA ERROR+13          ;NO SUCH LINE
0012 06A0    27         BL   @SFSN             ;SEARCH FOR STATEMENT #
0014 0000 
0016 C1E0    28         MOV  @IOB,R7           ;RESET BUFFER ADR
0018 0008'
001A 0720    29         SETO @DCNT             ;RESET INDENT COUNTER
001C 0000 
001E 06A0    30         BL   @LSTL             ;LIST LINE
0020 0000 
0022 0000    31         DATA TYPC$             ;OUT CRLF
0024 1014    32         JMP  GTCE2
             33  *
             34  *GET INPUT LINE
             35  *       R6 = MAX # OF CHARACTERS
             36  *       R7 = I/O POINTER
             37  *
0026 C80B    38  GTLN   MOV  R11,@BLSTOR       SAVE RETURN ADDRESS
0028 0000 
002A 0206    39         LI   R6,NIC            ;MAXIMUM OF NIC CHARACTERS
002C 0000 
002E C1E0    40         MOV  @IOB,R7           ;GET IOB PTR
0030 0018'
0032 C0C7    41         MOV  R7,R3
0034 C046    42         MOV  R6,R1
             43  *
0036 04F3    44         CLR  *R3+              ;CLEAR BUFFER
0038 0641    45         DECT R1                ;DONE?
003A 15FD    46         JGT  $-4               ;N
             47  *
003C C060    48         MOV  @AINC,R1          ;AUTO-INCREMENT
003E 0000 
0040 130C    49         JEQ  GTLLP$            ;N
0042 A060    50         A    @LNUM,R1          ;Y, ADD IN LAST LINE #
0044 0000 
0046 112B    51         JLT  GTCR              ;-VE, TERMINATE AUTO-INC
0048 2F41    52         OUTINT R1              ;CONVERT
004A DDE0    53         MOVB @B20,*R7+         ;SPACE
004C 00CC'
             54  *
004E 0000    55  GTCE2  DATA TYPB$             ;TYPE
0050 0206    56         LI   R6,NIC            ;GET NEW COUNT
0052 002C'
0054 A1A0    57         A    @IOB,R6           ;ADD BUFFER ADR
0056 0030'
0058 6187    58         S    R7,R6             ;SUB CURRENT ADR
ASM990 2.4.6     GETLINE                    Sun Jul 20 19:28:51 2025 Page 0003
GETLINE ROUTINE - CORTEX BASIC REV. 1.1

005A 04CF    60  GTLLP$ CLR  R15               ;RESET INSERT FLAG
005C 0000    61  GTLLP  DATA GETCR$            ;LOOP
005E 0280    62         CI   R0,>2000          CONTROL ?
0060 2000 
0062 1401    63         JHE  $+4               N, LEAVE INSERT FLAG
0064 04CF    64         CLR  R15               Y, KILL INSERT FLAG
0066 06A0    65         BL   @JMPR0            ;DO JUMP ON R0
0068 0000 
006A 52      66  GTJMP  BYTE GTLD-GTJMP/2,>17  ^W(ETB)DELETE
006C CB      67         BYTE GTCE-GTJMP/2,>05  ^E(ENQ)EDIT
006E 35      68         BYTE GTCF-GTJMP/2,>09  ^I(HT) CURSOR RIGHT
0070 22      69         BYTE GTBS-GTJMP/2,>08  ^H(BS) CURSOR LEFT
0072 65      70         BYTE GTLI-GTJMP/2,>16  ^V(SYN)INSERT
0074 18      71         BYTE GTLLP3-GTJMP/2,>0C ^L(FF) CLEAR SCREEN
0076 F9      72         BYTE GTLF-GTJMP/2,>0A  LF     IGNORE
0078 1A      73         BYTE GTCR-GTJMP/2,>0D  CR
007A 27      74         BYTE GTRB-GTJMP/2,>7F  RUBOUT
007C 0000    75         DATA 0
007E 0280    76         CI   R0,>2000          ;<BLK?
0080 2000 
0082 1A09    77         JL   GTLB              ;Y, OUT BELL
0084 D157    78         MOVB *R7,R5            ;EXPANDING BUFFER?
0086 1602    79         JNE  GTLLP1            ;N
0088 0606    80         DEC  R6                ;Y, ROOM?
008A 1104    81         JLT  GTLLP2            ;N, OUT BELL
008C C3CF    82  GTLLP1 MOV  R15,R15           NORMAL MODE ?
008E 1654    83         JNE  INS               N, INSERT
0090 DDC0    84         MOVB R0,*R7+           ;Y, STORE BYTE
0092 1003    85         JMP  GTLLP3
             86  *
     005C'   87  GTLF   EQU  GTLLP
             88  *
0094 0586    89  GTLLP2 INC  R6                ;RESTORE R6
0096 0200    90  GTLB   LI   R0,>0700          ;OUT BELL
0098 0700 
009A 0000    91  GTLLP3 DATA TYP0$             ;ECHO CHARACTER
009C 10DF    92         JMP  GTLLP
             93  *
009E DDD7    94  GTCR   MOVB *R7,*R7+          AT END OF LINE?  <<<
00A0 1303    95         JEQ  GTCR1             Y, EXIT          <<<
00A2 0000    96         DATA TYP11$,>0900      N, CURSOR RIGHT  <<<
00A6 10FB    97         JMP  GTCR              AND LOOP         <<<
00A8 C2E0    98  GTCR1  MOV  @BLSTOR,R11       GET RETURN ADDRESS
00AA 0028'
00AC 045B    99         RT
ASM990 2.4.6     GETLINE                    Sun Jul 20 19:28:51 2025 Page 0004
GETLINE ROUTINE - CORTEX BASIC REV. 1.1

            101  *BACKSPACE  (^H)
            102  *
00AE 81E0   103  GTBS   C    @IOB,R7           ;BEGINNING OF BUFFER?
00B0 0056'
00B2 13F1   104         JEQ  GTLB              ;Y, OUT BELL
00B4 0607   105         DEC  R7                ;N, BACKUP
00B6 100B   106         JMP  GTRB1             ;OUT BACKSPACE
            107  *
            108  *RUBOUT
            109  *
00B8 04CF   110  GTRB   CLR  R15               RESET INSERT FLAG
00BA 81E0   111         C    @IOB,R7           ;BEGINNING OF BUFFER?
00BC 00B0'
00BE 13EB   112         JEQ  GTLB              ;Y, OUT BELL
00C0 0607   113         DEC  R7                ;N, BACKUP
00C2 D5E0   114         MOVB @B20,*R7          ;STORE BLANK
00C4 00CC'
00C6 00A2'  115         DATA TYP11$,>0800      ;OUT BKSP,BLK
00CA 00C6'  116         DATA TYP11$,>2000
     00CC'  117  C2000  EQU  $-2
     00CC'  118  B20    EQU  C2000
            119  *
00CE 00CA'  120  GTRB1  DATA TYP11$            ;OUT BKSP
     00D0'  121  B08    EQU  $
00D0 0800   122         DATA >0800
00D2 10C4   123         JMP  GTLLP             ;GOTO LOOP
            124  *
            125  *FORWARD SPACE (^I)
            126  *
00D4 D037   127  GTCF   MOVB *R7+,R0           ;GET CHARACTER
00D6 16E1   128         JNE  GTLB+4            ;OK TO SEND
00D8 0607   129         DEC  R7                ;TOO FAR
00DA 10DD   130         JMP  GTLB              ;OUT BELL
ASM990 2.4.6     GETLINE                    Sun Jul 20 19:28:51 2025 Page 0005
GETLINE ROUTINE - CORTEX BASIC REV. 1.1

            132  *
            133  * EDIT ERROR RECOVERY ROUTINE
            134  *
     00DC'  135  EDER   EQU  $
00DC C0E0   136         MOV  @NOERR,R3         ERROR TRAP ENABLED?
00DE 0000 
00E0 1302   137         JEQ  EDER1             Y, HANDLE IT
00E2 0460   138         B    @CRLF             N, IGNORE TRAP
00E4 0000 
00E6 C0DB   139  EDER1  MOV  *R11,R3           PICKUP ERROR CHARACTERS
00E8 0607   140         DEC  R7
00EA C147   141         MOV  R7,R5             ;Y, MARK
00EC 06A0   142         BL   @ERRLS2           OUTPUT ERROR MESSAGE
00EE 0000 
00F0 C1A0   143         MOV  @EDTMP,R6         RESTORE # 'FREE SPACES' IN IOB
00F2 0000 
            144  *
00F4 0022'  145         DATA TYPC$             ;OUT CRLF
00F6 004E'  146         DATA TYPB$             ;OUT BUFFER
00F8 00CE'  147         DATA TYP11$,>0D00      ;OUT CR ONLY
00FC C1E0   148         MOV  @IOB,R7
00FE 00BC'
0100 04CF   149         CLR  R15               ;RESET INSERT FLAG
0102 8147   150  GTLI4  C    R7,R5             ;POSITIONED?
0104 14AB   151         JHE  GTLLP             ;Y, GOTO LOOP
0106 04C0   152         CLR  R0
0108 D037   153         MOVB *R7+,R0           ;N, OUT CHARACTER
010A 009A'  154         DATA TYP0$
010C 10FA   155         JMP  GTLI4             ;DO AGAIN
ASM990 2.4.6     GETLINE                    Sun Jul 20 19:28:51 2025 Page 0006
GETLINE ROUTINE - CORTEX BASIC REV. 1.1

            157  *
            158  * DELETE
            159  *
010E D5D7   160  GTLD   MOVB *R7,*R7           ;ANYTHING TO DELETE?
0110 13C2   161         JEQ  GTLB              ;N, OUT BELL
0112 C047   162         MOV  R7,R1             ;Y, SAVE CURRENT POSITION
            163  *
0114 DDE7   164  DEL1   MOVB @1(7),*R7+        ;OVERWRITE WITH FOLLOWING CHAR
0116 0001 
0118 16FD   165         JNE  DEL1              ;LOOP TILL WE COPY THE NULL
011A D451   166         MOVB *R1,*R1           ;EMPTY LINE?
011C 1301   167         JEQ  DEL1A             ;Y, DONT OUTPUT IT THEN
011E 0000   168         DATA TYPE$             ;OUTPUT REST OF LINE
0120 00F8'  169  DEL1A  DATA TYP11$,>2000      ;AND A SPACE
0124 61C1   170         S    R1,R7             ;CALCULATE # BS TO OUTPUT
0126 0120'  171  DEL2   DATA TYP11$,>0800      ;OUTPUT A BACKSPACE
012A 0607   172         DEC  R7                ;DONE?
012C 16FC   173         JNE  DEL2              ;N, LOOP
012E C1C1   174  DEL3   MOV  R1,R7             ;RESTORE POINTER
0130 0586   175         INC  R6                ;SOMETHING TO DELETE
0132 1094   176         JMP  GTLLP             ;AND LOOP
ASM990 2.4.6     GETLINE                    Sun Jul 20 19:28:51 2025 Page 0007
GETLINE ROUTINE - CORTEX BASIC REV. 1.1

            178  *
            179  * INSERT
            180  *
0134 070F   181  GTLI   SETO R15               ;FLAG AS INSERTING
0136 1092   182         JMP  GTLLP             AND LOOP
            183  *
            184  * INSERT CHARACTERS
            185  *
0138 0606   186  INS    DEC  R6                ;ROOM ?
013A 11AD   187         JLT  GTLB              ;N
013C 13AC   188         JEQ  GTLB              ;N
013E C047   189         MOV  R7,R1             ;Y, SAVE CURRENT POSITION
            190  *
0140 DDD7   191         MOVB *R7,*R7+          ;FOUND THE END ?
0142 16FE   192         JNE  $-2               ;N, KEEP LOOKING
            193  *
0144 D5E7   194  INS1   MOVB @-1(7),*R7        ;COPY IN PREVIOUS CHARACTER
0146 FFFF 
0148 0607   195         DEC  R7                ;BACKUP
014A 8047   196         C    R7,R1             ;ARE WE BACK WHERE WE STARTED?
014C 1BFB   197         JH   INS1              ;N, CONTINUE MOVEING BUFFER
014E DDC0   198         MOVB R0,*R7+           ;Y, INSERT THE CHARACTER
0150 011E'  199         DATA TYPE$             ;OUTPUT THE UPDATED BUFFER
0152 0581   200         INC  R1                ;BUMP POINTER
0154 D031   201  INS2   MOVB *R1+,R0           ;ANYMORE BACKSPACES?
0156 1382   202         JEQ  GTLLP             ;N, DO MAIN LOOP
0158 0126'  203         DATA TYP11$,>0800      ;Y, OUT A BS
015C 10FB   204         JMP  INS2              ;LOOP TILL CURSOR POSITIONED
            205         END
ASM990 2.4.6     GETLINE                    Sun Jul 20 19:28:51 2025 Page 0008
GETLINE ROUTINE - CORTEX BASIC REV. 1.1

AINC       003ER  B08        00D0D  B20        00CCD  BLSTOR     00AAR  
C2000      00CCD  CRLF       00E4R  CVDIZ      000CR  DCNT       001CR  
DEL1       0114'  DEL1A      0120'  DEL2       0126'  DEL3       012E'  
EDER       00DCD  EDER1      00E6'  EDTMP      00F2R  ERRLS2     00EER  
ERROR      2F80   GETCR$     005CR  GTBS       00AE'  GTCE       0000'  
GTCE2      004E'  GTCF       00D4'  GTCR       009E'  GTCR1      00A8'  
GTJMP      006A'  GTLB       0096'  GTLD       010E'  GTLF       005C'  
GTLI       0134'  GTLI4      0102'  GTLLP      005C'  GTLLP$     005A'  
GTLLP1     008C'  GTLLP2     0094'  GTLLP3     009A'  GTLN       0026D  
GTRB       00B8'  GTRB1      00CE'  INS        0138'  INS1       0144'  
INS2       0154'  IOB        00FER  JMPR0      0068R  LNUM       0044R  
LSTL       0020R  MODE       0002R  NIC        0052R  NOERR      00DER  
R0         0000   R1         0001   R10        000A   R11        000B   
R12        000C   R13        000D   R14        000E   R15        000F   
R2         0002   R3         0003   R4         0004   R5         0005   
R6         0006   R7         0007   R8         0008   R9         0009   
SFSN       0014R  TYP0$      010AR  TYP11$     0158R  TYPB$      00F6R  
TYPC$      00F4R  TYPE$      0150R  

0 Errors in assembly
