ASM990 2.4.6     LAST                       Sun Jul 20 19:28:52 2025 Page 0001
CHARACTER SET - CORTEX BASIC REV. 1.1

              1         IDT  'LAST'
              2         DEF  ZZZZZ$,BRAM
              3         COPY 'CHARSET.INC'
ASM990 2.4.6     LAST                       Sun Jul 20 19:28:52 2025 Page 0002
CHARACTER SET - CORTEX BASIC REV. 1.1

              3C        OPTION BUNLST,DUNLST    
              4C        DEF  PCHTB,PCHTE,USERCS
              5C ************************************************************
              6C *                                                          *
              7C *          CHARACTER SET FOR THE 9928/9929 VDP             *
              8C *                                                          *
              9C *  EACH CHARACTER IS STORED IN A PACKED 6 BYTE ENTRY       *
             10C *  IN THE FOLLOWING MANNER:-                               *
             11C *                                                          *
             12C *   TABLE ENTRY                                            *
             13C *  =============                                           *
             14C *                                                          *
             15C *   BYTE 0   BYTE 1   BYTE 2   BYTE 3   BYTE 4   BYTE5     *
             16C *                                                          *
             17C *  AAAAAAAA BBBBBBBB CCCCCCCC DDDDDDDD EEEEEEEE FFFFFFFF   *
             18C *                                                          *
             19C *                                                          *
             20C *   CHARACTER CELL                                         *
             21C *  ================                                        *
             22C *                                                          *
             23C *   COLUMN   0 1 2 3 4 5                                   *
             24C *                                                          *
             25C *            A A A A A A      ROW 0                        *
             26C *            A A B B B B          1                        *
             27C *            B B B B C C          2                        *
             28C *            C C C C C C          3                        *
             29C *            D D D D D D          4                        *
             30C *            D D E E E E          5                        *
             31C *            E E E E F F          6                        *
             32C *            F F F F F F          7                        *
             33C *                                                          *
             34C *                                                          *
             35C ************************************************************
             36C *
             37C *          BIT PATTERN          CHARACTER  HEX CODE
             38C *
     0000'   39C PCHTB  EQU  $
             40C *
             41C *            CONTROL CHARACTERS
             42C *
0000 934B    43C        DATA >934B,>2449,>2300         NUL   >00
0006 6204    44C        DATA >6204,>08E8,>E280         SOH   >01
000C 6204    45C        DATA >6204,>08E8,>4280         STX   >02
0012 E20E    46C        DATA >E20E,>20E8,>E280         ETX   >03
0018 E20E    47C        DATA >E20E,>20E8,>4100         EOT   >04
001E E20D    48C        DATA >E20D,>2AE8,>A180         ENQ   >05
0024 624F    49C        DATA >624F,>2428,>C280         ACK   >06
002A 628C    50C        DATA >628C,>28D0,>4180         BEL   >07
0030 628D    51C        DATA >628D,>A8D0,>2300         BS    >08 (CUR. LEFT)
0036 A38A    52C        DATA >A38A,>0038,>4100         HT    >09 (CUR. RIGHT)
003C 820B    53C        DATA >820B,>A8F0,>8200         LF    >0A (CUR. DOWN)
0042 8942    54C        DATA >8942,>0038,>4100         VT    >0B (CUR. UP)
0048 E20F    55C        DATA >E20F,>A8B0,>8200         FF    >0C (CLS & HOME)
004E 6208    56C        DATA >6208,>1C49,>C480         CR    >0D (BEG. LINE)
0054 6205    57C        DATA >6205,>0AE8,>A100         SO    >0E
005A 6204    58C        DATA >6204,>0ED0,>4380         SI    >0F
0060 C28A    59C        DATA >C28A,>3020,>8380         DLE   >10
0066 C28A    60C        DATA >C28A,>3010,>4100         DC1   >11
006C C28B    61C        DATA >C28B,>3210,>8380         DC2   >12
0072 C28B    62C        DATA >C28B,>3210,>2300         DC3   >13
ASM990 2.4.6     LAST                       Sun Jul 20 19:28:52 2025 Page 0003
CHARACTER SET - CORTEX BASIC REV. 1.1

0078 C28A    63C        DATA >C28A,>3218,>E080         DC4   >14
007E D2C9    64C        DATA >D2C9,>0828,>C280         NAK   >15
0084 6204    65C        DATA >6204,>0AD0,>4100         SYN   >16
008A E20F    66C        DATA >E20F,>2AF0,>A300         ETB   >17
0090 6206    67C        DATA >6206,>1269,>6480         CAN   >18
0096 E20E    68C        DATA >E20E,>20EB,>6A80         EM    >19
009C 6207    69C        DATA >6207,>0AF0,>A300         SUB   >1A
00A2 E20E    70C        DATA >E20E,>26E0,>8180         ESC   >1B
00A8 E20D    71C        DATA >E20D,>A890,>2300         FS    >1C
00AE 6209    72C        DATA >6209,>AC91,>A300         GS    >1D
00B4 E28D    73C        DATA >E28D,>A810,>2300         RS    >1E (HOME)
00BA A28B    74C        DATA >A28B,>9810,>2300         US    >1F
             75C *
             76C *  PRINTABLE CHARACTERS
             77C *
00C0 0000    78C        DATA >0000,>0000,>0000        SPACE  >20
00C6 2082    79C        DATA >2082,>0820,>0200          !    >21
00CC 5145    80C        DATA >5145,>0000,>0000          "    >22
00D2 514F    81C        DATA >514F,>94F9,>4500          #    >23
00D8 21EA    82C        DATA >21EA,>1C2B,>C200          $    >24
00DE C321    83C        DATA >C321,>0842,>6180          %    >25
00E4 428A    84C        DATA >428A,>10AA,>4680          &    >26
00EA 1084    85C        DATA >1084,>0000,>0000          '    >27
00F0 2108    86C        DATA >2108,>2081,>0200          (    >28
00F6 2040    87C        DATA >2040,>8208,>4200          )    >29
00FC 22A7    88C        DATA >22A7,>3E72,>A200          *    >2A
0102 0082    89C        DATA >0082,>3E20,>8000          +    >2B
0108 0000    90C        DATA >0000,>0020,>8400          ,    >2C
010E 0000    91C        DATA >0000,>3E00,>0000          -    >2D
0114 0000    92C        DATA >0000,>0000,>0200          .    >2E
011A 0021    93C        DATA >0021,>0842,>0000          /    >2F
0120 7229    94C        DATA >7229,>AACA,>2700          0    >30
0126 2182    95C        DATA >2182,>0820,>8700          1    >31
012C 7220    96C        DATA >7220,>8C42,>0F80          2    >32
0132 7220    97C        DATA >7220,>8C0A,>2700          3    >33
0138 10C5    98C        DATA >10C5,>24F8,>4100          4    >34
013E FA0F    99C        DATA >FA0F,>020A,>2700          5    >35
0144 3908   100C        DATA >3908,>3C8A,>2700          6    >36
014A F821   101C        DATA >F821,>0841,>0400          7    >37
0150 7228   102C        DATA >7228,>9C8A,>2700          8    >38
0156 7228   103C        DATA >7228,>9E08,>4E00          9    >39
015C 0002   104C        DATA >0002,>0020,>0000          :    >3A
0162 0002   105C        DATA >0002,>0020,>8400          ;    >3B
0168 1084   106C        DATA >1084,>2040,>8100          <    >3C
016E 000F   107C        DATA >000F,>80F8,>0000          =    >3D
0174 4081   108C        DATA >4081,>0210,>8400          >    >3E
017A 7221   109C        DATA >7221,>0820,>0200          ?    >3F
0180 722B   110C        DATA >722B,>AABA,>0780          @    >40
0186 7228   111C        DATA >7228,>BE8A,>2880          A    >41
018C F124   112C        DATA >F124,>9C49,>2F00          B    >42
0192 7228   113C        DATA >7228,>2082,>2700          C    >43
0198 F124   114C        DATA >F124,>9249,>2F00          D    >44
019E FA08   115C        DATA >FA08,>3C82,>0F80          E    >45
01A4 FA08   116C        DATA >FA08,>3C82,>0800          F    >46
01AA 7A08   117C        DATA >7A08,>209A,>2780          G    >47
01B0 8A28   118C        DATA >8A28,>BE8A,>2880          H    >48
01B6 7082   119C        DATA >7082,>0820,>8700          I    >49
01BC 0820   120C        DATA >0820,>820A,>2700          J    >4A
01C2 8A4A   121C        DATA >8A4A,>30A2,>4880          K    >4B
01C8 8208   122C        DATA >8208,>2082,>0F80          L    >4C
ASM990 2.4.6     LAST                       Sun Jul 20 19:28:52 2025 Page 0004
CHARACTER SET - CORTEX BASIC REV. 1.1

01CE 8B6A   123C        DATA >8B6A,>AA8A,>2880          M    >4D
01D4 8A2C   124C        DATA >8A2C,>AA9A,>2880          N    >4E
01DA FA28   125C        DATA >FA28,>A28A,>2F80          O    >4F
01E0 F228   126C        DATA >F228,>BC82,>0800          P    >50
01E6 7228   127C        DATA >7228,>A2AA,>4680          Q    >51
01EC F228   128C        DATA >F228,>BCA2,>4880          R    >52
01F2 7228   129C        DATA >7228,>1C0A,>2700          S    >53
01F8 F882   130C        DATA >F882,>0820,>8200          T    >54
01FE 8A28   131C        DATA >8A28,>A28A,>2700          U    >55
0204 8A28   132C        DATA >8A28,>9450,>8200          V    >56
020A 8A28   133C        DATA >8A28,>AAAA,>A500          W    >57
0210 8A25   134C        DATA >8A25,>0852,>2880          X    >58
0216 8A25   135C        DATA >8A25,>0820,>8200          Y    >59
021C F821   136C        DATA >F821,>0842,>0F80          Z    >5A
0222 3882   137C        DATA >3882,>0820,>8380          [    >5B
0228 0204   138C        DATA >0204,>0810,>2000          \    >5C
022E 7041   139C        DATA >7041,>0410,>4700          ]    >5D
0234 2148   140C        DATA >2148,>8000,>0000          ^    >5E
023A 0000   141C        DATA >0000,>0000,>0F80          _    >5F
0240 4081   142C        DATA >4081,>0000,>0000          `    >60
0246 0007   143C        DATA >0007,>22FA,>2880          a    >61
024C 000F   144C        DATA >000F,>1271,>2F00          b    >62
0252 0007   145C        DATA >0007,>A082,>0780          c    >63
0258 000F   146C        DATA >000F,>1249,>2F00          d    >64
025E 000F   147C        DATA >000F,>20E2,>0F00          e    >65
0264 000F   148C        DATA >000F,>20E2,>0800          f    >66
026A 0007   149C        DATA >0007,>A0BA,>2700          g    >67
0270 0008   150C        DATA >0008,>A2FA,>2880          h    >68
0276 0007   151C        DATA >0007,>0820,>8700          i    >69
027C 0007   152C        DATA >0007,>0822,>8E00          j    >6A
0282 0009   153C        DATA >0009,>28C2,>8900          k    >6B
0288 0008   154C        DATA >0008,>2082,>0F80          l    >6C
028E 0008   155C        DATA >0008,>B6AA,>2880          m    >6D
0294 0008   156C        DATA >0008,>B2AA,>6880          n    >6E
029A 000F   157C        DATA >000F,>A28A,>2F80          o    >6F
02A0 000F   158C        DATA >000F,>22F2,>0800          p    >70
02A6 000F   159C        DATA >000F,>A2AA,>4E80          q    >71
02AC 000F   160C        DATA >000F,>22F2,>8900          r    >72
02B2 0007   161C        DATA >0007,>A070,>2F00          s    >73
02B8 000F   162C        DATA >000F,>8820,>8200          t    >74
02BE 0004   163C        DATA >0004,>9249,>2300          u    >75
02C4 0008   164C        DATA >0008,>A292,>8400          v    >76
02CA 0008   165C        DATA >0008,>A2AB,>6880          w    >77
02D0 0008   166C        DATA >0008,>9421,>4880          x    >78
02D6 0008   167C        DATA >0008,>9420,>8200          y    >79
02DC 000F   168C        DATA >000F,>8421,>0F80          z    >7A
02E2 3104   169C        DATA >3104,>2041,>0300          {    >7B
02E8 2082   170C        DATA >2082,>0020,>8200          |    >7C
02EE 6041   171C        DATA >6041,>0210,>4600          }    >7D
02F4 42A1   172C        DATA >42A1,>0000,>0000          ~    >7E
02FA 8DDB   173C        DATA >8DDB,>F7DF,>FDFF         DEL   >7F ( REV. '?' )
            174C *
            175C *  911 VDT TYPE GRAPHICS SET
            176C *
0300 0000   177C        DATA >0000,>0000,>001C               >80
0306 0000   178C        DATA >0000,>0000,>071C               >81
030C 0000   179C        DATA >0000,>0001,>C71C               >82
0312 0000   180C        DATA >0000,>0071,>C71C               >83
0318 0000   181C        DATA >0000,>1C71,>C71C               >84
031E 0007   182C        DATA >0007,>1C71,>C71C               >85
ASM990 2.4.6     LAST                       Sun Jul 20 19:28:52 2025 Page 0005
CHARACTER SET - CORTEX BASIC REV. 1.1

0324 01C7   183C        DATA >01C7,>1C71,>C71C               >86
032A 71C7   184C        DATA >71C7,>1C71,>C71C               >87
0330 7A1B   185C        DATA >7A1B,>69B6,>1780   COPYRIGHT   >88
0336 A95A   186C        DATA >A95A,>95A9,>5A95   CHECKED BLK >89
033C 0007   187C        DATA >0007,>DF7D,>C71C               >8A
0342 71CF   188C        DATA >71CF,>3CF1,>C71C               >8B
0348 000F   189C        DATA >000F,>FFFD,>C71C               >8C
034E 71C7   190C        DATA >71C7,>DF7C,>0000               >8D
0354 0C61   191C        DATA >0C61,>0821,>0C20               >8E
035A 03F0   192C        DATA >03F0,>0003,>F000               >8F
0360 0008   193C        DATA >0008,>2080,>0000               >90
0366 000C   194C        DATA >000C,>30C0,>0000               >91
036C 000E   195C        DATA >000E,>38E0,>0000               >92
0372 000F   196C        DATA >000F,>3CF0,>0000               >93
0378 000F   197C        DATA >000F,>BEF8,>0000               >94
037E 000F   198C        DATA >000F,>FFFC,>0000               >95
0384 3124   199C        DATA >3124,>1C41,>0B80       POUND   >96
038A 0007   200C        DATA >0007,>1C70,>0000               >97
0390 71CF   201C        DATA >71CF,>FFFD,>C71C               >98
0396 FFFF   202C        DATA >FFFF,>FFFF,>FFFF               >99
039C 000F   203C        DATA >000F,>3CF1,>C71C               >9A
03A2 71C7   204C        DATA >71C7,>DF7D,>C71C               >9B
03A8 71CF   205C        DATA >71CF,>FFFC,>0000               >9C
03AE 71CF   206C        DATA >71CF,>3CF0,>0000               >9D
03B4 8304   207C        DATA >8304,>0820,>4183               >9E
03BA 8A28   208C        DATA >8A28,>A28A,>28A2               >9F
            209C *
            210C *             SPECIAL GRAPHICS SET
            211C *
03C0 21CA   212C        DATA >21CA,>8820,>8200    UP  ARROW  >A0
03C6 2082   213C        DATA >2082,>08A9,>C200  DOWN  ARROW  >A1
03CC 0081   214C        DATA >0081,>3E10,>8000  RIGHT ARROW  >A2
03D2 0084   215C        DATA >0084,>3E40,>8000  LEFT  ARROW  >A3
03D8 00E1   216C        DATA >00E1,>8A42,>0000  N.E   ARROW  >A4
03DE 0021   217C        DATA >0021,>28C3,>8000  S.W   ARROW  >A5
03E4 0204   218C        DATA >0204,>0A18,>E000  S.E   ARROW  >A6
03EA 038C   219C        DATA >038C,>2810,>2000  N.W   ARROW  >A7
03F0 21C2   220C        DATA >21C2,>2AA9,>C000    ANCHOR     >A8
            221C *
     03F6'  222C USERCS EQU  $                 USER DEFINED CHARACTER SET
            223C *
03F6 00     224C        BYTE >00,>00,>00,>00,>00,>00    ?    >A9
03FC 00     225C        BYTE >00,>00,>00,>00,>00,>00    ?    >AA
0402 00     226C        BYTE >00,>00,>00,>00,>00,>00    ?    >AB
0408 00     227C        BYTE >00,>00,>00,>00,>00,>00    ?    >AC
040E 00     228C        BYTE >00,>00,>00,>00,>00,>00    ?    >AD
0414 00     229C        BYTE >00,>00,>00,>00,>00,>00    ?    >AE
041A 00     230C        BYTE >00,>00,>00,>00,>00,>00    ?    >AF
0420 00     231C        BYTE >00,>00,>00,>00,>00,>00    ?    >B0
0426 00     232C        BYTE >00,>00,>00,>00,>00,>00    ?    >B1
042C 00     233C        BYTE >00,>00,>00,>00,>00,>00    ?    >B2
0432 00     234C        BYTE >00,>00,>00,>00,>00,>00    ?    >B3
0438 00     235C        BYTE >00,>00,>00,>00,>00,>00    ?    >B4
043E 00     236C        BYTE >00,>00,>00,>00,>00,>00    ?    >B5
0444 00     237C        BYTE >00,>00,>00,>00,>00,>00    ?    >B6
044A 00     238C        BYTE >00,>00,>00,>00,>00,>00    ?    >B7
0450 00     239C        BYTE >00,>00,>00,>00,>00,>00    ?    >B8
0456 00     240C        BYTE >00,>00,>00,>00,>00,>00    ?    >B9
045C 00     241C        BYTE >00,>00,>00,>00,>00,>00    ?    >BA
0462 00     242C        BYTE >00,>00,>00,>00,>00,>00    ?    >BB
ASM990 2.4.6     LAST                       Sun Jul 20 19:28:52 2025 Page 0006
CHARACTER SET - CORTEX BASIC REV. 1.1

0468 00     243C        BYTE >00,>00,>00,>00,>00,>00    ?    >BC
046E 00     244C        BYTE >00,>00,>00,>00,>00,>00    ?    >BD
0474 00     245C        BYTE >00,>00,>00,>00,>00,>00    ?    >BE
047A 00     246C        BYTE >00,>00,>00,>00,>00,>00    ?    >BF
0480 00     247C        BYTE >00,>00,>00,>00,>00,>00    ?    >C0
0486 00     248C        BYTE >00,>00,>00,>00,>00,>00    ?    >C1
048C 00     249C        BYTE >00,>00,>00,>00,>00,>00    ?    >C2
0492 00     250C        BYTE >00,>00,>00,>00,>00,>00    ?    >C3
0498 00     251C        BYTE >00,>00,>00,>00,>00,>00    ?    >C4
049E 00     252C        BYTE >00,>00,>00,>00,>00,>00    ?    >C5
04A4 00     253C        BYTE >00,>00,>00,>00,>00,>00    ?    >C6
04AA 00     254C        BYTE >00,>00,>00,>00,>00,>00    ?    >C7
04B0 00     255C        BYTE >00,>00,>00,>00,>00,>00    ?    >C8
04B6 00     256C        BYTE >00,>00,>00,>00,>00,>00    ?    >C9
04BC 00     257C        BYTE >00,>00,>00,>00,>00,>00    ?    >CA
04C2 00     258C        BYTE >00,>00,>00,>00,>00,>00    ?    >CB
04C8 00     259C        BYTE >00,>00,>00,>00,>00,>00    ?    >CC
04CE 00     260C        BYTE >00,>00,>00,>00,>00,>00    ?    >CD
04D4 00     261C        BYTE >00,>00,>00,>00,>00,>00    ?    >CE
04DA 00     262C        BYTE >00,>00,>00,>00,>00,>00    ?    >CF
04E0 00     263C        BYTE >00,>00,>00,>00,>00,>00    ?    >D0
04E6 00     264C        BYTE >00,>00,>00,>00,>00,>00    ?    >D1
04EC 00     265C        BYTE >00,>00,>00,>00,>00,>00    ?    >D2
04F2 00     266C        BYTE >00,>00,>00,>00,>00,>00    ?    >D3
04F8 00     267C        BYTE >00,>00,>00,>00,>00,>00    ?    >D4
04FE 00     268C        BYTE >00,>00,>00,>00,>00,>00    ?    >D5
0504 00     269C        BYTE >00,>00,>00,>00,>00,>00    ?    >D6
050A 00     270C        BYTE >00,>00,>00,>00,>00,>00    ?    >D7
0510 00     271C        BYTE >00,>00,>00,>00,>00,>00    ?    >D8
0516 00     272C        BYTE >00,>00,>00,>00,>00,>00    ?    >D9
051C 00     273C        BYTE >00,>00,>00,>00,>00,>00    ?    >DA
0522 00     274C        BYTE >00,>00,>00,>00,>00,>00    ?    >DB
0528 00     275C        BYTE >00,>00,>00,>00,>00,>00    ?    >DC
052E 00     276C        BYTE >00,>00,>00,>00,>00,>00    ?    >DD
0534 00     277C        BYTE >00,>00,>00,>00,>00,>00    ?    >DE
053A 00     278C        BYTE >00,>00,>00,>00,>00,>00    ?    >DF
0540 00     279C        BYTE >00,>00,>00,>00,>00,>00    ?    >E0
0546 00     280C        BYTE >00,>00,>00,>00,>00,>00    ?    >E1
054C 00     281C        BYTE >00,>00,>00,>00,>00,>00    ?    >E2
0552 00     282C        BYTE >00,>00,>00,>00,>00,>00    ?    >E3
0558 00     283C        BYTE >00,>00,>00,>00,>00,>00    ?    >E4
055E 00     284C        BYTE >00,>00,>00,>00,>00,>00    ?    >E5
0564 00     285C        BYTE >00,>00,>00,>00,>00,>00    ?    >E6
056A 00     286C        BYTE >00,>00,>00,>00,>00,>00    ?    >E7
0570 00     287C        BYTE >00,>00,>00,>00,>00,>00    ?    >E8
0576 00     288C        BYTE >00,>00,>00,>00,>00,>00    ?    >E9
057C 00     289C        BYTE >00,>00,>00,>00,>00,>00    ?    >EA
0582 00     290C        BYTE >00,>00,>00,>00,>00,>00    ?    >EB
0588 00     291C        BYTE >00,>00,>00,>00,>00,>00    ?    >EC
058E 00     292C        BYTE >00,>00,>00,>00,>00,>00    ?    >ED
0594 00     293C        BYTE >00,>00,>00,>00,>00,>00    ?    >EE
059A 00     294C        BYTE >00,>00,>00,>00,>00,>00    ?    >EF
05A0 00     295C        BYTE >00,>00,>00,>00,>00,>00    ?    >F0
05A6 00     296C        BYTE >00,>00,>00,>00,>00,>00    ?    >F1
05AC 00     297C        BYTE >00,>00,>00,>00,>00,>00    ?    >F2
05B2 00     298C        BYTE >00,>00,>00,>00,>00,>00    ?    >F3
05B8 00     299C        BYTE >00,>00,>00,>00,>00,>00    ?    >F4
05BE 00     300C        BYTE >00,>00,>00,>00,>00,>00    ?    >F5
05C4 00     301C        BYTE >00,>00,>00,>00,>00,>00    ?    >F6
05CA 00     302C        BYTE >00,>00,>00,>00,>00,>00    ?    >F7
ASM990 2.4.6     LAST                       Sun Jul 20 19:28:52 2025 Page 0007
CHARACTER SET - CORTEX BASIC REV. 1.1

05D0 00     303C        BYTE >00,>00,>00,>00,>00,>00    ?    >F8
05D6 00     304C        BYTE >00,>00,>00,>00,>00,>00    ?    >F9
05DC 00     305C        BYTE >00,>00,>00,>00,>00,>00    ?    >FA
05E2 00     306C        BYTE >00,>00,>00,>00,>00,>00    ?    >FB
05E8 00     307C        BYTE >00,>00,>00,>00,>00,>00    ?    >FC
05EE 00     308C        BYTE >00,>00,>00,>00,>00,>00    ?    >FD
05F4 00     309C        BYTE >00,>00,>00,>00,>00,>00    ?    >FE
05FA 00     310C        BYTE >00,>00,>00,>00,>00,>00    ?    >FF
     0600'  311C PCHTE  EQU  $
0600 94C2     4  ZZZZZ$ DATA >94C2             END OF CODE MARKER
     0602'    5  BRAM   EQU  $
              6         END
ASM990 2.4.6     LAST                       Sun Jul 20 19:28:52 2025 Page 0008
CHARACTER SET - CORTEX BASIC REV. 1.1

BRAM     0602D  PCHTB    0000D  PCHTE    0600D  R0       0000   R1       0001   
R10      000A   R11      000B   R12      000C   R13      000D   R14      000E   
R15      000F   R2       0002   R3       0003   R4       0004   R5       0005   
R6       0006   R7       0007   R8       0008   R9       0009   USERCS   03F6D  
ZZZZZ$   0600D  

0 Errors in assembly
